---
source: tests/tests-library-sample.rs
expression: generate_output(diags)
---
./test-data/LibrarySample.sol:5:5
function StringUtils.nothing
  @notice is missing
  @param input is missing
  @return missing for unnamed return #1
