---
source: tests/tests-interface-sample.rs
expression: "snapshot_content(\"./test-data/InterfaceSample.sol\",\n&ValidationOptions::builder().inheritdoc(false).interfaces(ContractRules::builder().title(Req::Required).author(Req::Required).notice(Req::Required).build()).build(),\ntrue,)"
---
./test-data/InterfaceSample.sol:4:1
interface IInterfacedSample
  @title is missing
  @author is missing
  @notice is missing

./test-data/InterfaceSample.sol:5:5
function IInterfacedSample.greet
  @return _greeting is missing

./test-data/InterfaceSample.sol:14:5
function InterfacedSample.greet
  @notice is missing
  @return _greeting is missing
  @return _balance is missing
