---
source: crates/lintspec/tests/tests-unicode-sample.rs
expression: "snapshot_content(\"./test-data/UnicodeSample.sol\",\n&ValidationOptions::default(), true, false)"
---
  Ã— error UnicodeSample.BasicSample_SomeError
    â•­â”€[./test-data/UnicodeSample.sol:22:41]
 21 â”‚      */
 22 â”‚     error BasicSample_SomeError(uint256 _param1);
    Â·                                         â”€â”€â”€â”¬â”€â”€â”€
    Â·                                            â•°â”€â”€ @param _param1 is missing
 23 â”‚ 
    â•°â”€â”€â”€â”€
  Ã— event UnicodeSample.BasicSample_BasicEvent
    â•­â”€[./test-data/UnicodeSample.sol:27:42]
 26 â”‚      */
 27 â”‚     event BasicSample_BasicEvent(uint256 _param1);
    Â·                                          â”€â”€â”€â”¬â”€â”€â”€
    Â·                                             â•°â”€â”€ @param _param1 is missing
 28 â”‚ 
    â•°â”€â”€â”€â”€
  Ã— variable UnicodeSample.somePublicNumber
    â•­â”€[./test-data/UnicodeSample.sol:35:5]
 34 â”‚     
 35 â”‚ â•­â”€â–¶     /**
 36 â”‚ â”‚        * @notice A public state variable
 37 â”‚ â”‚        */
 38 â”‚ â”œâ”€â–¶     uint256 public somePublicNumber;
    Â· â•°â”€â”€â”€â”€ @inheritdoc is missing
 39 â”‚     
    â•°â”€â”€â”€â”€
  Ã— constructor UnicodeSample.constructor
    â•­â”€[./test-data/UnicodeSample.sol:40:22]
 39 â”‚ 
 40 â”‚     constructor(bool _randomFlag) {}
    Â·                      â”€â”€â”€â”€â”€â”¬â”€â”€â”€â”€â”€
    Â·                           â•°â”€â”€ @param _randomFlag is missing
 41 â”‚ 
    â•°â”€â”€â”€â”€
  Ã— function UnicodeSample.externalSimple
    â•­â”€[./test-data/UnicodeSample.sol:42:5]
 41 â”‚     
 42 â”‚ â•­â”€â–¶     /**
 43 â”‚ â”‚        * @notice External function that returns a bool
 44 â”‚ â”‚        * @dev A dev comment
 45 â”‚ â”‚        * @param  _magicNumber A parameter description
 46 â”‚ â”‚        * @param _name Another parameter description
 47 â”‚ â”‚        * @param _name Another parameter description
 48 â”‚ â”‚        * @return _isMagic Some return data
 49 â”‚ â”‚        */
 50 â”‚ â”‚       function externalSimple(uint256 _magicNumber, /* ðŸ¦€ */ string memory _name)
 51 â”‚ â”‚           external
 52 â”‚ â”‚           pure
 53 â”‚ â”œâ”€â–¶         returns (bool _isMagic)
    Â· â•°â”€â”€â”€â”€ @inheritdoc is missing
 54 â”‚         {
    â•°â”€â”€â”€â”€
  Ã— function UnicodeSample.externalSimpleMultipleReturn
    â•­â”€[./test-data/UnicodeSample.sol:64:5]
 63 â”‚     
 64 â”‚ â•­â”€â–¶     /**
 65 â”‚ â”‚        * @notice External function that returns a bool
 66 â”‚ â”‚        * @dev A dev comment
 67 â”‚ â”‚        * @param _magicNumber A parameter description
 68 â”‚ â”‚        * @param    _name Another parameter description
 69 â”‚ â”‚        * @return _isMagic ðŸ”¥ Some return data
 70 â”‚ â”‚        * @return Test test
 71 â”‚ â”‚        */
 72 â”‚ â”‚       function externalSimpleMultipleReturn(uint256 _magicNumber, string memory _name)
 73 â”‚ â”‚           external
 74 â”‚ â”‚           pure
 75 â”‚ â”œâ”€â–¶         returns (bool _isMagic, uint256)
    Â· â•°â”€â”€â”€â”€ @inheritdoc is missing
 76 â”‚         {
    â•°â”€â”€â”€â”€
  Ã— function UnicodeSample.externalSimpleMultipleUnnamedReturn
    â•­â”€[./test-data/UnicodeSample.sol:80:5]
 79 â”‚     
 80 â”‚ â•­â”€â–¶     /**
 81 â”‚ â”‚        * @notice External function that returns a bool
 82 â”‚ â”‚        * @dev A dev comment
 83 â”‚ â”‚        * @return Some return data
 84 â”‚ â”‚        */
 85 â”‚ â”œâ”€â–¶     function externalSimpleMultipleUnnamedReturn() external pure returns (bool, uint256) {
    Â· â•°â”€â”€â”€â”€ @inheritdoc is missing
 86 â”‚             return (true, 111);
    â•°â”€â”€â”€â”€
  Ã— modifier UnicodeSample.transferFee
    â•­â”€[./test-data/UnicodeSample.sol:92:34]
 91 â”‚      */
 92 â”‚     modifier transferFee(uint256 _receiver) virtual {
    Â·                                  â”€â”€â”€â”€â”¬â”€â”€â”€â”€
    Â·                                      â•°â”€â”€ @param _receiver is missing
 93 â”‚         _;
    â•°â”€â”€â”€â”€
